// Jest Snapshot v1, https://goo.gl/fbAQLP

exports[`<Navbar /> matches the snapshot 1`] = `
<body>
  <div>
    <nav>
      <ul>
        <li>
          <button>
            Home
          </button>
        </li>
        <li>
          <button>
            About
          </button>
        </li>
        <li>
          <button>
            Contact
          </button>
        </li>
        <li>
          <button>
            Star Wars
          </button>
        </li>
      </ul>
    </nav>
  </div>
</body>
`;
